// Vitest Snapshot v1, https://vitest.dev/guide/snapshot.html

exports[`ViewContactDesktopRedirect > should match a snapshot 1`] = `
<DocumentFragment>
  <div
    class="mocked-styled-93 el-snack-holder"
  />
</DocumentFragment>
`;
